Timing Analyzer report for D_JK
Mon Nov 01 15:38:23 2021
Version 6.0 Build 202 06/20/2006 Service Pack 1 SJ Full Version


---------------------
; Table of Contents ;
---------------------
  1. Legal Notice
  2. Timing Analyzer Summary
  3. Timing Analyzer Settings
  4. Clock Settings Summary
  5. Clock Setup: 'CP'
  6. tsu
  7. tco
  8. th
  9. Timing Analyzer Messages



----------------
; Legal Notice ;
----------------
Copyright (C) 1991-2006 Altera Corporation
Your use of Altera Corporation's design tools, logic functions 
and other software and tools, and its AMPP partner logic 
functions, and any output files any of the foregoing 
(including device programming or simulation files), and any 
associated documentation or information are expressly subject 
to the terms and conditions of the Altera Program License 
Subscription Agreement, Altera MegaCore Function License 
Agreement, or other applicable license agreement, including, 
without limitation, that your use is for the sole purpose of 
programming logic devices manufactured by Altera and sold by 
Altera or its authorized distributors.  Please refer to the 
applicable agreement for further details.



+------------------------------------------------------------------------------------------------------------------------------------------------------------+
; Timing Analyzer Summary                                                                                                                                    ;
+------------------------------+-------+---------------+------------------------------------------------+------+------+------------+----------+--------------+
; Type                         ; Slack ; Required Time ; Actual Time                                    ; From ; To   ; From Clock ; To Clock ; Failed Paths ;
+------------------------------+-------+---------------+------------------------------------------------+------+------+------------+----------+--------------+
; Worst-case tsu               ; N/A   ; None          ; 2.446 ns                                       ; J    ; inst ; --         ; CP       ; 0            ;
; Worst-case tco               ; N/A   ; None          ; 7.291 ns                                       ; inst ; Q    ; CP         ; --       ; 0            ;
; Worst-case th                ; N/A   ; None          ; -2.218 ns                                      ; K    ; inst ; --         ; CP       ; 0            ;
; Clock Setup: 'CP'            ; N/A   ; None          ; Restricted to 422.12 MHz ( period = 2.369 ns ) ; inst ; inst ; CP         ; CP       ; 0            ;
; Total number of failed paths ;       ;               ;                                                ;      ;      ;            ;          ; 0            ;
+------------------------------+-------+---------------+------------------------------------------------+------+------+------------+----------+--------------+


+------------------------------------------------------------------------------------------------------+
; Timing Analyzer Settings                                                                             ;
+-------------------------------------------------------+--------------------+------+----+-------------+
; Option                                                ; Setting            ; From ; To ; Entity Name ;
+-------------------------------------------------------+--------------------+------+----+-------------+
; Device Name                                           ; EP1S10F484C5       ;      ;    ;             ;
; Timing Models                                         ; Final              ;      ;    ;             ;
; Number of source nodes to report per destination node ; 10                 ;      ;    ;             ;
; Number of destination nodes to report                 ; 10                 ;      ;    ;             ;
; Number of paths to report                             ; 200                ;      ;    ;             ;
; Report Minimum Timing Checks                          ; Off                ;      ;    ;             ;
; Use Fast Timing Models                                ; Off                ;      ;    ;             ;
; Report IO Paths Separately                            ; Off                ;      ;    ;             ;
; Default hold multicycle                               ; Same As Multicycle ;      ;    ;             ;
; Cut paths between unrelated clock domains             ; On                 ;      ;    ;             ;
; Cut off read during write signal paths                ; On                 ;      ;    ;             ;
; Cut off feedback from I/O pins                        ; On                 ;      ;    ;             ;
; Report Combined Fast/Slow Timing                      ; Off                ;      ;    ;             ;
; Ignore Clock Settings                                 ; Off                ;      ;    ;             ;
; Analyze latches as synchronous elements               ; On                 ;      ;    ;             ;
; Enable Recovery/Removal analysis                      ; Off                ;      ;    ;             ;
; Enable Clock Latency                                  ; Off                ;      ;    ;             ;
; Use TimeQuest Timing Analyzer                         ; Off                ;      ;    ;             ;
+-------------------------------------------------------+--------------------+------+----+-------------+


+------------------------------------------------------------------------------------------------------------------------------------------------------------------------------------+
; Clock Settings Summary                                                                                                                                                             ;
+-----------------+--------------------+----------+------------------+---------------+--------------+----------+-----------------------+---------------------+--------+--------------+
; Clock Node Name ; Clock Setting Name ; Type     ; Fmax Requirement ; Early Latency ; Late Latency ; Based on ; Multiply Base Fmax by ; Divide Base Fmax by ; Offset ; Phase offset ;
+-----------------+--------------------+----------+------------------+---------------+--------------+----------+-----------------------+---------------------+--------+--------------+
; CP              ;                    ; User Pin ; None             ; 0.000 ns      ; 0.000 ns     ; --       ; N/A                   ; N/A                 ; N/A    ;              ;
+-----------------+--------------------+----------+------------------+---------------+--------------+----------+-----------------------+---------------------+--------+--------------+


+----------------------------------------------------------------------------------------------------------------------------------------------------------------------------------+
; Clock Setup: 'CP'                                                                                                                                                                ;
+-------+------------------------------------------------+------+------+------------+----------+-----------------------------+---------------------------+-------------------------+
; Slack ; Actual fmax (period)                           ; From ; To   ; From Clock ; To Clock ; Required Setup Relationship ; Required Longest P2P Time ; Actual Longest P2P Time ;
+-------+------------------------------------------------+------+------+------------+----------+-----------------------------+---------------------------+-------------------------+
; N/A   ; Restricted to 422.12 MHz ( period = 2.369 ns ) ; inst ; inst ; CP         ; CP       ; None                        ; None                      ; 0.603 ns                ;
+-------+------------------------------------------------+------+------+------------+----------+-----------------------------+---------------------------+-------------------------+


+------------------------------------------------------------+
; tsu                                                        ;
+-------+--------------+------------+------+------+----------+
; Slack ; Required tsu ; Actual tsu ; From ; To   ; To Clock ;
+-------+--------------+------------+------+------+----------+
; N/A   ; None         ; 2.446 ns   ; J    ; inst ; CP       ;
; N/A   ; None         ; 2.328 ns   ; K    ; inst ; CP       ;
+-------+--------------+------------+------+------+----------+


+------------------------------------------------------------+
; tco                                                        ;
+-------+--------------+------------+------+----+------------+
; Slack ; Required tco ; Actual tco ; From ; To ; From Clock ;
+-------+--------------+------------+------+----+------------+
; N/A   ; None         ; 7.291 ns   ; inst ; -Q ; CP         ;
; N/A   ; None         ; 7.291 ns   ; inst ; Q  ; CP         ;
+-------+--------------+------------+------+----+------------+


+------------------------------------------------------------------+
; th                                                               ;
+---------------+-------------+-----------+------+------+----------+
; Minimum Slack ; Required th ; Actual th ; From ; To   ; To Clock ;
+---------------+-------------+-----------+------+------+----------+
; N/A           ; None        ; -2.218 ns ; K    ; inst ; CP       ;
; N/A           ; None        ; -2.336 ns ; J    ; inst ; CP       ;
+---------------+-------------+-----------+------+------+----------+


+--------------------------+
; Timing Analyzer Messages ;
+--------------------------+
Info: *******************************************************************
Info: Running Quartus II Timing Analyzer
    Info: Version 6.0 Build 202 06/20/2006 Service Pack 1 SJ Full Version
    Info: Processing started: Mon Nov 01 15:38:23 2021
Info: Command: quartus_tan --read_settings_files=off --write_settings_files=off D_JK -c D_JK --timing_analysis_only
Warning: Found pins functioning as undefined clocks and/or memory enables
    Info: Assuming node "CP" is an undefined clock
Info: Clock "CP" Internal fmax is restricted to 422.12 MHz between source register "inst" and destination register "inst"
    Info: fmax restricted to clock pin edge rate 2.369 ns. Expand message to see actual delay path.
        Info: + Longest register to register delay is 0.603 ns
            Info: 1: + IC(0.000 ns) + CELL(0.000 ns) = 0.000 ns; Loc. = LC_X36_Y30_N2; Fanout = 3; REG Node = 'inst'
            Info: 2: + IC(0.380 ns) + CELL(0.223 ns) = 0.603 ns; Loc. = LC_X36_Y30_N2; Fanout = 3; REG Node = 'inst'
            Info: Total cell delay = 0.223 ns ( 36.98 % )
            Info: Total interconnect delay = 0.380 ns ( 63.02 % )
        Info: - Smallest clock skew is 0.000 ns
            Info: + Shortest clock path from clock "CP" to destination register is 2.784 ns
                Info: 1: + IC(0.000 ns) + CELL(1.087 ns) = 1.087 ns; Loc. = PIN_E9; Fanout = 1; CLK Node = 'CP'
                Info: 2: + IC(1.155 ns) + CELL(0.542 ns) = 2.784 ns; Loc. = LC_X36_Y30_N2; Fanout = 3; REG Node = 'inst'
                Info: Total cell delay = 1.629 ns ( 58.51 % )
                Info: Total interconnect delay = 1.155 ns ( 41.49 % )
            Info: - Longest clock path from clock "CP" to source register is 2.784 ns
                Info: 1: + IC(0.000 ns) + CELL(1.087 ns) = 1.087 ns; Loc. = PIN_E9; Fanout = 1; CLK Node = 'CP'
                Info: 2: + IC(1.155 ns) + CELL(0.542 ns) = 2.784 ns; Loc. = LC_X36_Y30_N2; Fanout = 3; REG Node = 'inst'
                Info: Total cell delay = 1.629 ns ( 58.51 % )
                Info: Total interconnect delay = 1.155 ns ( 41.49 % )
        Info: + Micro clock to output delay of source is 0.156 ns
        Info: + Micro setup delay of destination is 0.010 ns
Info: tsu for register "inst" (data pin = "J", clock pin = "CP") is 2.446 ns
    Info: + Longest pin to register delay is 5.220 ns
        Info: 1: + IC(0.000 ns) + CELL(1.087 ns) = 1.087 ns; Loc. = PIN_C9; Fanout = 1; PIN Node = 'J'
        Info: 2: + IC(3.675 ns) + CELL(0.458 ns) = 5.220 ns; Loc. = LC_X36_Y30_N2; Fanout = 3; REG Node = 'inst'
        Info: Total cell delay = 1.545 ns ( 29.60 % )
        Info: Total interconnect delay = 3.675 ns ( 70.40 % )
    Info: + Micro setup delay of destination is 0.010 ns
    Info: - Shortest clock path from clock "CP" to destination register is 2.784 ns
        Info: 1: + IC(0.000 ns) + CELL(1.087 ns) = 1.087 ns; Loc. = PIN_E9; Fanout = 1; CLK Node = 'CP'
        Info: 2: + IC(1.155 ns) + CELL(0.542 ns) = 2.784 ns; Loc. = LC_X36_Y30_N2; Fanout = 3; REG Node = 'inst'
        Info: Total cell delay = 1.629 ns ( 58.51 % )
        Info: Total interconnect delay = 1.155 ns ( 41.49 % )
Info: tco from clock "CP" to destination pin "-Q" through register "inst" is 7.291 ns
    Info: + Longest clock path from clock "CP" to source register is 2.784 ns
        Info: 1: + IC(0.000 ns) + CELL(1.087 ns) = 1.087 ns; Loc. = PIN_E9; Fanout = 1; CLK Node = 'CP'
        Info: 2: + IC(1.155 ns) + CELL(0.542 ns) = 2.784 ns; Loc. = LC_X36_Y30_N2; Fanout = 3; REG Node = 'inst'
        Info: Total cell delay = 1.629 ns ( 58.51 % )
        Info: Total interconnect delay = 1.155 ns ( 41.49 % )
    Info: + Micro clock to output delay of source is 0.156 ns
    Info: + Longest register to pin delay is 4.351 ns
        Info: 1: + IC(0.000 ns) + CELL(0.000 ns) = 0.000 ns; Loc. = LC_X36_Y30_N2; Fanout = 3; REG Node = 'inst'
        Info: 2: + IC(1.947 ns) + CELL(2.404 ns) = 4.351 ns; Loc. = PIN_Y8; Fanout = 0; PIN Node = '-Q'
        Info: Total cell delay = 2.404 ns ( 55.25 % )
        Info: Total interconnect delay = 1.947 ns ( 44.75 % )
Info: th for register "inst" (data pin = "K", clock pin = "CP") is -2.218 ns
    Info: + Longest clock path from clock "CP" to destination register is 2.784 ns
        Info: 1: + IC(0.000 ns) + CELL(1.087 ns) = 1.087 ns; Loc. = PIN_E9; Fanout = 1; CLK Node = 'CP'
        Info: 2: + IC(1.155 ns) + CELL(0.542 ns) = 2.784 ns; Loc. = LC_X36_Y30_N2; Fanout = 3; REG Node = 'inst'
        Info: Total cell delay = 1.629 ns ( 58.51 % )
        Info: Total interconnect delay = 1.155 ns ( 41.49 % )
    Info: + Micro hold delay of destination is 0.100 ns
    Info: - Shortest pin to register delay is 5.102 ns
        Info: 1: + IC(0.000 ns) + CELL(1.087 ns) = 1.087 ns; Loc. = PIN_F9; Fanout = 1; PIN Node = 'K'
        Info: 2: + IC(3.696 ns) + CELL(0.319 ns) = 5.102 ns; Loc. = LC_X36_Y30_N2; Fanout = 3; REG Node = 'inst'
        Info: Total cell delay = 1.406 ns ( 27.56 % )
        Info: Total interconnect delay = 3.696 ns ( 72.44 % )
Info: Quartus II Timing Analyzer was successful. 0 errors, 1 warning
    Info: Processing ended: Mon Nov 01 15:38:23 2021
    Info: Elapsed time: 00:00:00


